------------------------------------------------------------
TimeQuest Timing Analyzer Summary
------------------------------------------------------------

Type  : Slow 900mV 85C Model Setup 'pcie_inst|wrapper|altpcie_hip_pipen1b_inst|stratix_iv.stratixiv_hssi_pcie_hip|coreclkout'
Slack : -0.776
TNS   : -52.516

Type  : Slow 900mV 85C Model Setup 'pcie_inst|serdes|PCIeGen2x8If128_serdes_alt4gxb_9uoa_component|central_clk_div0|coreclkout'
Slack : 1.187
TNS   : 0.000

Type  : Slow 900mV 85C Model Setup 'clk125'
Slack : 5.851
TNS   : 0.000

Type  : Slow 900mV 85C Model Setup 'clk50'
Slack : 9.665
TNS   : 0.000

Type  : Slow 900mV 85C Model Setup 'n/a'
Slack : 10.068
TNS   : 0.000

Type  : Slow 900mV 85C Model Setup 'altera_reserved_tck'
Slack : 44.817
TNS   : 0.000

Type  : Slow 900mV 85C Model Hold 'pcie_inst|wrapper|altpcie_hip_pipen1b_inst|stratix_iv.stratixiv_hssi_pcie_hip|coreclkout'
Slack : -0.409
TNS   : -1.516

Type  : Slow 900mV 85C Model Hold 'clk50'
Slack : 0.238
TNS   : 0.000

Type  : Slow 900mV 85C Model Hold 'clk125'
Slack : 0.258
TNS   : 0.000

Type  : Slow 900mV 85C Model Hold 'altera_reserved_tck'
Slack : 0.285
TNS   : 0.000

Type  : Slow 900mV 85C Model Hold 'pcie_inst|serdes|PCIeGen2x8If128_serdes_alt4gxb_9uoa_component|central_clk_div0|coreclkout'
Slack : 0.591
TNS   : 0.000

Type  : Slow 900mV 85C Model Hold 'n/a'
Slack : 1.454
TNS   : 0.000

Type  : Slow 900mV 85C Model Recovery 'pcie_inst|wrapper|altpcie_hip_pipen1b_inst|stratix_iv.stratixiv_hssi_pcie_hip|coreclkout'
Slack : 1.207
TNS   : 0.000

Type  : Slow 900mV 85C Model Recovery 'altera_reserved_tck'
Slack : 94.792
TNS   : 0.000

Type  : Slow 900mV 85C Model Removal 'pcie_inst|wrapper|altpcie_hip_pipen1b_inst|stratix_iv.stratixiv_hssi_pcie_hip|coreclkout'
Slack : 0.508
TNS   : 0.000

Type  : Slow 900mV 85C Model Removal 'altera_reserved_tck'
Slack : 0.725
TNS   : 0.000

Type  : Slow 900mV 85C Model Minimum Pulse Width 'clk50'
Slack : 0.000
TNS   : 0.000

Type  : Slow 900mV 85C Model Minimum Pulse Width 'pcie_inst|wrapper|altpcie_hip_pipen1b_inst|stratix_iv.stratixiv_hssi_pcie_hip|coreclkout'
Slack : 0.154
TNS   : 0.000

Type  : Slow 900mV 85C Model Minimum Pulse Width 'pcie_inst|serdes|PCIeGen2x8If128_serdes_alt4gxb_9uoa_component|central_clk_div0|coreclkout'
Slack : 0.405
TNS   : 0.000

Type  : Slow 900mV 85C Model Minimum Pulse Width 'pcie_inst|wrapper|altpcie_hip_pipen1b_inst|stratix_iv.stratixiv_hssi_pcie_hip|pllfixedclk'
Slack : 0.834
TNS   : 0.000

Type  : Slow 900mV 85C Model Minimum Pulse Width 'pcie_inst|serdes|PCIeGen2x8If128_serdes_alt4gxb_9uoa_component|central_clk_div0|rateswitchbaseclock'
Slack : 1.000
TNS   : 0.000

Type  : Slow 900mV 85C Model Minimum Pulse Width 'clk125'
Slack : 3.419
TNS   : 0.000

Type  : Slow 900mV 85C Model Minimum Pulse Width 'refclk'
Slack : 5.000
TNS   : 0.000

Type  : Slow 900mV 85C Model Minimum Pulse Width 'alt_cal_edge_detect_ff0_clk'
Slack : 9.439
TNS   : 0.000

Type  : Slow 900mV 85C Model Minimum Pulse Width 'alt_cal_edge_detect_ff1_clk'
Slack : 9.439
TNS   : 0.000

Type  : Slow 900mV 85C Model Minimum Pulse Width 'alt_cal_edge_detect_ff0q_clk'
Slack : 9.464
TNS   : 0.000

Type  : Slow 900mV 85C Model Minimum Pulse Width 'alt_cal_edge_detect_ff1q_clk'
Slack : 9.472
TNS   : 0.000

Type  : Slow 900mV 85C Model Minimum Pulse Width 'OSCILLATOR_CLK'
Slack : 9.951
TNS   : 0.000

Type  : Slow 900mV 85C Model Minimum Pulse Width 'altera_reserved_tck'
Slack : 49.198
TNS   : 0.000

Type  : Slow 900mV 0C Model Setup 'pcie_inst|wrapper|altpcie_hip_pipen1b_inst|stratix_iv.stratixiv_hssi_pcie_hip|coreclkout'
Slack : -0.637
TNS   : -30.131

Type  : Slow 900mV 0C Model Setup 'pcie_inst|serdes|PCIeGen2x8If128_serdes_alt4gxb_9uoa_component|central_clk_div0|coreclkout'
Slack : 1.220
TNS   : 0.000

Type  : Slow 900mV 0C Model Setup 'clk125'
Slack : 5.978
TNS   : 0.000

Type  : Slow 900mV 0C Model Setup 'clk50'
Slack : 9.718
TNS   : 0.000

Type  : Slow 900mV 0C Model Setup 'n/a'
Slack : 10.667
TNS   : 0.000

Type  : Slow 900mV 0C Model Setup 'altera_reserved_tck'
Slack : 45.062
TNS   : 0.000

Type  : Slow 900mV 0C Model Hold 'pcie_inst|wrapper|altpcie_hip_pipen1b_inst|stratix_iv.stratixiv_hssi_pcie_hip|coreclkout'
Slack : -0.392
TNS   : -1.450

Type  : Slow 900mV 0C Model Hold 'clk50'
Slack : 0.233
TNS   : 0.000

Type  : Slow 900mV 0C Model Hold 'clk125'
Slack : 0.251
TNS   : 0.000

Type  : Slow 900mV 0C Model Hold 'altera_reserved_tck'
Slack : 0.275
TNS   : 0.000

Type  : Slow 900mV 0C Model Hold 'pcie_inst|serdes|PCIeGen2x8If128_serdes_alt4gxb_9uoa_component|central_clk_div0|coreclkout'
Slack : 0.565
TNS   : 0.000

Type  : Slow 900mV 0C Model Hold 'n/a'
Slack : 1.427
TNS   : 0.000

Type  : Slow 900mV 0C Model Recovery 'pcie_inst|wrapper|altpcie_hip_pipen1b_inst|stratix_iv.stratixiv_hssi_pcie_hip|coreclkout'
Slack : 1.337
TNS   : 0.000

Type  : Slow 900mV 0C Model Recovery 'altera_reserved_tck'
Slack : 95.043
TNS   : 0.000

Type  : Slow 900mV 0C Model Removal 'pcie_inst|wrapper|altpcie_hip_pipen1b_inst|stratix_iv.stratixiv_hssi_pcie_hip|coreclkout'
Slack : 0.487
TNS   : 0.000

Type  : Slow 900mV 0C Model Removal 'altera_reserved_tck'
Slack : 0.688
TNS   : 0.000

Type  : Slow 900mV 0C Model Minimum Pulse Width 'clk50'
Slack : 0.000
TNS   : 0.000

Type  : Slow 900mV 0C Model Minimum Pulse Width 'pcie_inst|wrapper|altpcie_hip_pipen1b_inst|stratix_iv.stratixiv_hssi_pcie_hip|coreclkout'
Slack : 0.154
TNS   : 0.000

Type  : Slow 900mV 0C Model Minimum Pulse Width 'pcie_inst|serdes|PCIeGen2x8If128_serdes_alt4gxb_9uoa_component|central_clk_div0|coreclkout'
Slack : 0.398
TNS   : 0.000

Type  : Slow 900mV 0C Model Minimum Pulse Width 'pcie_inst|wrapper|altpcie_hip_pipen1b_inst|stratix_iv.stratixiv_hssi_pcie_hip|pllfixedclk'
Slack : 0.811
TNS   : 0.000

Type  : Slow 900mV 0C Model Minimum Pulse Width 'pcie_inst|serdes|PCIeGen2x8If128_serdes_alt4gxb_9uoa_component|central_clk_div0|rateswitchbaseclock'
Slack : 1.000
TNS   : 0.000

Type  : Slow 900mV 0C Model Minimum Pulse Width 'clk125'
Slack : 3.438
TNS   : 0.000

Type  : Slow 900mV 0C Model Minimum Pulse Width 'refclk'
Slack : 5.000
TNS   : 0.000

Type  : Slow 900mV 0C Model Minimum Pulse Width 'alt_cal_edge_detect_ff0_clk'
Slack : 9.445
TNS   : 0.000

Type  : Slow 900mV 0C Model Minimum Pulse Width 'alt_cal_edge_detect_ff1_clk'
Slack : 9.445
TNS   : 0.000

Type  : Slow 900mV 0C Model Minimum Pulse Width 'alt_cal_edge_detect_ff0q_clk'
Slack : 9.453
TNS   : 0.000

Type  : Slow 900mV 0C Model Minimum Pulse Width 'alt_cal_edge_detect_ff1q_clk'
Slack : 9.464
TNS   : 0.000

Type  : Slow 900mV 0C Model Minimum Pulse Width 'OSCILLATOR_CLK'
Slack : 9.962
TNS   : 0.000

Type  : Slow 900mV 0C Model Minimum Pulse Width 'altera_reserved_tck'
Slack : 49.182
TNS   : 0.000

Type  : Fast 900mV 0C Model Setup 'pcie_inst|wrapper|altpcie_hip_pipen1b_inst|stratix_iv.stratixiv_hssi_pcie_hip|coreclkout'
Slack : 0.087
TNS   : 0.000

Type  : Fast 900mV 0C Model Setup 'pcie_inst|serdes|PCIeGen2x8If128_serdes_alt4gxb_9uoa_component|central_clk_div0|coreclkout'
Slack : 1.565
TNS   : 0.000

Type  : Fast 900mV 0C Model Setup 'clk125'
Slack : 6.694
TNS   : 0.000

Type  : Fast 900mV 0C Model Setup 'n/a'
Slack : 13.749
TNS   : 0.000

Type  : Fast 900mV 0C Model Setup 'clk50'
Slack : 14.566
TNS   : 0.000

Type  : Fast 900mV 0C Model Setup 'altera_reserved_tck'
Slack : 47.216
TNS   : 0.000

Type  : Fast 900mV 0C Model Hold 'pcie_inst|wrapper|altpcie_hip_pipen1b_inst|stratix_iv.stratixiv_hssi_pcie_hip|coreclkout'
Slack : -0.258
TNS   : -0.945

Type  : Fast 900mV 0C Model Hold 'clk50'
Slack : 0.135
TNS   : 0.000

Type  : Fast 900mV 0C Model Hold 'clk125'
Slack : 0.140
TNS   : 0.000

Type  : Fast 900mV 0C Model Hold 'altera_reserved_tck'
Slack : 0.157
TNS   : 0.000

Type  : Fast 900mV 0C Model Hold 'pcie_inst|serdes|PCIeGen2x8If128_serdes_alt4gxb_9uoa_component|central_clk_div0|coreclkout'
Slack : 0.323
TNS   : 0.000

Type  : Fast 900mV 0C Model Hold 'n/a'
Slack : 0.889
TNS   : 0.000

Type  : Fast 900mV 0C Model Recovery 'pcie_inst|wrapper|altpcie_hip_pipen1b_inst|stratix_iv.stratixiv_hssi_pcie_hip|coreclkout'
Slack : 2.336
TNS   : 0.000

Type  : Fast 900mV 0C Model Recovery 'altera_reserved_tck'
Slack : 96.734
TNS   : 0.000

Type  : Fast 900mV 0C Model Removal 'pcie_inst|wrapper|altpcie_hip_pipen1b_inst|stratix_iv.stratixiv_hssi_pcie_hip|coreclkout'
Slack : 0.277
TNS   : 0.000

Type  : Fast 900mV 0C Model Removal 'altera_reserved_tck'
Slack : 0.404
TNS   : 0.000

Type  : Fast 900mV 0C Model Minimum Pulse Width 'clk50'
Slack : 0.000
TNS   : 0.000

Type  : Fast 900mV 0C Model Minimum Pulse Width 'pcie_inst|wrapper|altpcie_hip_pipen1b_inst|stratix_iv.stratixiv_hssi_pcie_hip|coreclkout'
Slack : 0.154
TNS   : 0.000

Type  : Fast 900mV 0C Model Minimum Pulse Width 'pcie_inst|serdes|PCIeGen2x8If128_serdes_alt4gxb_9uoa_component|central_clk_div0|coreclkout'
Slack : 0.615
TNS   : 0.000

Type  : Fast 900mV 0C Model Minimum Pulse Width 'pcie_inst|wrapper|altpcie_hip_pipen1b_inst|stratix_iv.stratixiv_hssi_pcie_hip|pllfixedclk'
Slack : 0.901
TNS   : 0.000

Type  : Fast 900mV 0C Model Minimum Pulse Width 'pcie_inst|serdes|PCIeGen2x8If128_serdes_alt4gxb_9uoa_component|central_clk_div0|rateswitchbaseclock'
Slack : 1.000
TNS   : 0.000

Type  : Fast 900mV 0C Model Minimum Pulse Width 'clk125'
Slack : 3.621
TNS   : 0.000

Type  : Fast 900mV 0C Model Minimum Pulse Width 'refclk'
Slack : 5.000
TNS   : 0.000

Type  : Fast 900mV 0C Model Minimum Pulse Width 'alt_cal_edge_detect_ff0_clk'
Slack : 9.637
TNS   : 0.000

Type  : Fast 900mV 0C Model Minimum Pulse Width 'alt_cal_edge_detect_ff1_clk'
Slack : 9.637
TNS   : 0.000

Type  : Fast 900mV 0C Model Minimum Pulse Width 'alt_cal_edge_detect_ff0q_clk'
Slack : 9.656
TNS   : 0.000

Type  : Fast 900mV 0C Model Minimum Pulse Width 'alt_cal_edge_detect_ff1q_clk'
Slack : 9.657
TNS   : 0.000

Type  : Fast 900mV 0C Model Minimum Pulse Width 'OSCILLATOR_CLK'
Slack : 9.693
TNS   : 0.000

Type  : Fast 900mV 0C Model Minimum Pulse Width 'altera_reserved_tck'
Slack : 49.134
TNS   : 0.000

------------------------------------------------------------
